

================================================================
== Vitis HLS Report for 'streaming_attention_Pipeline_LOAD_TILE_VITIS_LOOP_59_1'
================================================================
* Date:           Sat Jun 20 05:22:14 2026

* Version:        2022.1 (Build 3526262 on Mon Apr 18 15:47:01 MDT 2022)
* Project:        stream_attn_hls
* Solution:       sol1 (Vivado IP Flow Target)
* Product family: zynq
* Target device:  xc7z020-clg400-1


================================================================
== Performance Estimates
================================================================
+ Timing: 
    * Summary: 
    +--------+----------+----------+------------+
    |  Clock |  Target  | Estimated| Uncertainty|
    +--------+----------+----------+------------+
    |ap_clk  |  10.00 ns|  7.300 ns|     2.70 ns|
    +--------+----------+----------+------------+

+ Latency: 
    * Summary: 
    +---------+---------+-----------+-----------+------+------+---------+
    |  Latency (cycles) |   Latency (absolute)  |   Interval  | Pipeline|
    |   min   |   max   |    min    |    max    |  min |  max |   Type  |
    +---------+---------+-----------+-----------+------+------+---------+
    |     1027|     1027|  10.270 us|  10.270 us|  1027|  1027|       no|
    +---------+---------+-----------+-----------+------+------+---------+

    + Detail: 
        * Instance: 
        N/A

        * Loop: 
        +-----------------------------+---------+---------+----------+-----------+-----------+------+----------+
        |                             |  Latency (cycles) | Iteration|  Initiation Interval  | Trip |          |
        |          Loop Name          |   min   |   max   |  Latency |  achieved |   target  | Count| Pipelined|
        +-----------------------------+---------+---------+----------+-----------+-----------+------+----------+
        |- LOAD_TILE_VITIS_LOOP_59_1  |     1025|     1025|         3|          1|          1|  1024|       yes|
        +-----------------------------+---------+---------+----------+-----------+-----------+------+----------+



================================================================
== Utilization Estimates
================================================================
* Summary: 
+-----------------+---------+-----+--------+-------+-----+
|       Name      | BRAM_18K| DSP |   FF   |  LUT  | URAM|
+-----------------+---------+-----+--------+-------+-----+
|DSP              |        -|    -|       -|      -|    -|
|Expression       |        -|    -|       0|     80|    -|
|FIFO             |        -|    -|       -|      -|    -|
|Instance         |        -|    -|       -|      -|    -|
|Memory           |        -|    -|       -|      -|    -|
|Multiplexer      |        -|    -|       -|     72|    -|
|Register         |        -|    -|      44|      -|    -|
+-----------------+---------+-----+--------+-------+-----+
|Total            |        0|    0|      44|    152|    0|
+-----------------+---------+-----+--------+-------+-----+
|Available        |      280|  220|  106400|  53200|    0|
+-----------------+---------+-----+--------+-------+-----+
|Utilization (%)  |        0|    0|      ~0|     ~0|    0|
+-----------------+---------+-----+--------+-------+-----+

+ Detail: 
    * Instance: 
    N/A

    * DSP: 
    N/A

    * Memory: 
    N/A

    * FIFO: 
    N/A

    * Expression: 
    +----------------------------------+----------+----+---+----+------------+------------+
    |           Variable Name          | Operation| DSP| FF| LUT| Bitwidth P0| Bitwidth P1|
    +----------------------------------+----------+----+---+----+------------+------------+
    |add_ln58_1_fu_677_p2              |         +|   0|  0|  13|           5|           1|
    |add_ln58_fu_646_p2                |         +|   0|  0|  12|          11|           1|
    |add_ln59_fu_731_p2                |         +|   0|  0|  14|           7|           1|
    |ap_block_pp0_stage0_11001         |       and|   0|  0|   2|           1|           1|
    |icmp_ln58_fu_640_p2               |      icmp|   0|  0|  12|          11|          12|
    |icmp_ln59_fu_663_p2               |      icmp|   0|  0|  11|           7|           8|
    |ap_block_state2_pp0_stage0_iter1  |        or|   0|  0|   2|           1|           1|
    |select_ln58_1_fu_683_p3           |    select|   0|  0|   5|           1|           5|
    |select_ln58_fu_669_p3             |    select|   0|  0|   7|           1|           1|
    |ap_enable_pp0                     |       xor|   0|  0|   2|           1|           2|
    +----------------------------------+----------+----+---+----+------------+------------+
    |Total                             |          |   0|  0|  80|          46|          33|
    +----------------------------------+----------+----+---+----+------------+------------+

    * Multiplexer: 
    +--------------------------------------+----+-----------+-----+-----------+
    |                 Name                 | LUT| Input Size| Bits| Total Bits|
    +--------------------------------------+----+-----------+-----+-----------+
    |ap_done_int                           |   9|          2|    1|          2|
    |ap_enable_reg_pp0_iter1               |   9|          2|    1|          2|
    |ap_sig_allocacmp_indvar_flatten_load  |   9|          2|   11|         22|
    |d_fu_160                              |   9|          2|    7|         14|
    |gmem1_blk_n_R                         |   9|          2|    1|          2|
    |gmem2_blk_n_R                         |   9|          2|    1|          2|
    |indvar_flatten_fu_168                 |   9|          2|   11|         22|
    |j_fu_164                              |   9|          2|    5|         10|
    +--------------------------------------+----+-----------+-----+-----------+
    |Total                                 |  72|         16|   38|         76|
    +--------------------------------------+----+-----------+-----+-----------+

    * Register: 
    +----------------------------------+----+----+-----+-----------+
    |               Name               | FF | LUT| Bits| Const Bits|
    +----------------------------------+----+----+-----+-----------+
    |ap_CS_fsm                         |   1|   0|    1|          0|
    |ap_done_reg                       |   1|   0|    1|          0|
    |ap_enable_reg_pp0_iter1           |   1|   0|    1|          0|
    |ap_enable_reg_pp0_iter2           |   1|   0|    1|          0|
    |ap_loop_exit_ready_pp0_iter1_reg  |   1|   0|    1|          0|
    |d_fu_160                          |   7|   0|    7|          0|
    |gmem1_addr_read_reg_782           |   8|   0|    8|          0|
    |gmem2_addr_read_reg_802           |   8|   0|    8|          0|
    |indvar_flatten_fu_168             |  11|   0|   11|          0|
    |j_fu_164                          |   5|   0|    5|          0|
    +----------------------------------+----+----+-----+-----------+
    |Total                             |  44|   0|   44|          0|
    +----------------------------------+----+----+-----+-----------+



================================================================
== Interface
================================================================
* Summary: 
+----------------------+-----+-----+------------+--------------------------------------------------------+--------------+
|       RTL Ports      | Dir | Bits|  Protocol  |                      Source Object                     |    C Type    |
+----------------------+-----+-----+------------+--------------------------------------------------------+--------------+
|ap_clk                |   in|    1|  ap_ctrl_hs|  streaming_attention_Pipeline_LOAD_TILE_VITIS_LOOP_59_1|  return value|
|ap_rst                |   in|    1|  ap_ctrl_hs|  streaming_attention_Pipeline_LOAD_TILE_VITIS_LOOP_59_1|  return value|
|ap_start              |   in|    1|  ap_ctrl_hs|  streaming_attention_Pipeline_LOAD_TILE_VITIS_LOOP_59_1|  return value|
|ap_done               |  out|    1|  ap_ctrl_hs|  streaming_attention_Pipeline_LOAD_TILE_VITIS_LOOP_59_1|  return value|
|ap_idle               |  out|    1|  ap_ctrl_hs|  streaming_attention_Pipeline_LOAD_TILE_VITIS_LOOP_59_1|  return value|
|ap_ready              |  out|    1|  ap_ctrl_hs|  streaming_attention_Pipeline_LOAD_TILE_VITIS_LOOP_59_1|  return value|
|m_axi_gmem1_AWVALID   |  out|    1|       m_axi|                                                   gmem1|       pointer|
|m_axi_gmem1_AWREADY   |   in|    1|       m_axi|                                                   gmem1|       pointer|
|m_axi_gmem1_AWADDR    |  out|   64|       m_axi|                                                   gmem1|       pointer|
|m_axi_gmem1_AWID      |  out|    1|       m_axi|                                                   gmem1|       pointer|
|m_axi_gmem1_AWLEN     |  out|   32|       m_axi|                                                   gmem1|       pointer|
|m_axi_gmem1_AWSIZE    |  out|    3|       m_axi|                                                   gmem1|       pointer|
|m_axi_gmem1_AWBURST   |  out|    2|       m_axi|                                                   gmem1|       pointer|
|m_axi_gmem1_AWLOCK    |  out|    2|       m_axi|                                                   gmem1|       pointer|
|m_axi_gmem1_AWCACHE   |  out|    4|       m_axi|                                                   gmem1|       pointer|
|m_axi_gmem1_AWPROT    |  out|    3|       m_axi|                                                   gmem1|       pointer|
|m_axi_gmem1_AWQOS     |  out|    4|       m_axi|                                                   gmem1|       pointer|
|m_axi_gmem1_AWREGION  |  out|    4|       m_axi|                                                   gmem1|       pointer|
|m_axi_gmem1_AWUSER    |  out|    1|       m_axi|                                                   gmem1|       pointer|
|m_axi_gmem1_WVALID    |  out|    1|       m_axi|                                                   gmem1|       pointer|
|m_axi_gmem1_WREADY    |   in|    1|       m_axi|                                                   gmem1|       pointer|
|m_axi_gmem1_WDATA     |  out|    8|       m_axi|                                                   gmem1|       pointer|
|m_axi_gmem1_WSTRB     |  out|    1|       m_axi|                                                   gmem1|       pointer|
|m_axi_gmem1_WLAST     |  out|    1|       m_axi|                                                   gmem1|       pointer|
|m_axi_gmem1_WID       |  out|    1|       m_axi|                                                   gmem1|       pointer|
|m_axi_gmem1_WUSER     |  out|    1|       m_axi|                                                   gmem1|       pointer|
|m_axi_gmem1_ARVALID   |  out|    1|       m_axi|                                                   gmem1|       pointer|
|m_axi_gmem1_ARREADY   |   in|    1|       m_axi|                                                   gmem1|       pointer|
|m_axi_gmem1_ARADDR    |  out|   64|       m_axi|                                                   gmem1|       pointer|
|m_axi_gmem1_ARID      |  out|    1|       m_axi|                                                   gmem1|       pointer|
|m_axi_gmem1_ARLEN     |  out|   32|       m_axi|                                                   gmem1|       pointer|
|m_axi_gmem1_ARSIZE    |  out|    3|       m_axi|                                                   gmem1|       pointer|
|m_axi_gmem1_ARBURST   |  out|    2|       m_axi|                                                   gmem1|       pointer|
|m_axi_gmem1_ARLOCK    |  out|    2|       m_axi|                                                   gmem1|       pointer|
|m_axi_gmem1_ARCACHE   |  out|    4|       m_axi|                                                   gmem1|       pointer|
|m_axi_gmem1_ARPROT    |  out|    3|       m_axi|                                                   gmem1|       pointer|
|m_axi_gmem1_ARQOS     |  out|    4|       m_axi|                                                   gmem1|       pointer|
|m_axi_gmem1_ARREGION  |  out|    4|       m_axi|                                                   gmem1|       pointer|
|m_axi_gmem1_ARUSER    |  out|    1|       m_axi|                                                   gmem1|       pointer|
|m_axi_gmem1_RVALID    |   in|    1|       m_axi|                                                   gmem1|       pointer|
|m_axi_gmem1_RREADY    |  out|    1|       m_axi|                                                   gmem1|       pointer|
|m_axi_gmem1_RDATA     |   in|    8|       m_axi|                                                   gmem1|       pointer|
|m_axi_gmem1_RLAST     |   in|    1|       m_axi|                                                   gmem1|       pointer|
|m_axi_gmem1_RID       |   in|    1|       m_axi|                                                   gmem1|       pointer|
|m_axi_gmem1_RFIFONUM  |   in|   11|       m_axi|                                                   gmem1|       pointer|
|m_axi_gmem1_RUSER     |   in|    1|       m_axi|                                                   gmem1|       pointer|
|m_axi_gmem1_RRESP     |   in|    2|       m_axi|                                                   gmem1|       pointer|
|m_axi_gmem1_BVALID    |   in|    1|       m_axi|                                                   gmem1|       pointer|
|m_axi_gmem1_BREADY    |  out|    1|       m_axi|                                                   gmem1|       pointer|
|m_axi_gmem1_BRESP     |   in|    2|       m_axi|                                                   gmem1|       pointer|
|m_axi_gmem1_BID       |   in|    1|       m_axi|                                                   gmem1|       pointer|
|m_axi_gmem1_BUSER     |   in|    1|       m_axi|                                                   gmem1|       pointer|
|m_axi_gmem2_AWVALID   |  out|    1|       m_axi|                                                   gmem2|       pointer|
|m_axi_gmem2_AWREADY   |   in|    1|       m_axi|                                                   gmem2|       pointer|
|m_axi_gmem2_AWADDR    |  out|   64|       m_axi|                                                   gmem2|       pointer|
|m_axi_gmem2_AWID      |  out|    1|       m_axi|                                                   gmem2|       pointer|
|m_axi_gmem2_AWLEN     |  out|   32|       m_axi|                                                   gmem2|       pointer|
|m_axi_gmem2_AWSIZE    |  out|    3|       m_axi|                                                   gmem2|       pointer|
|m_axi_gmem2_AWBURST   |  out|    2|       m_axi|                                                   gmem2|       pointer|
|m_axi_gmem2_AWLOCK    |  out|    2|       m_axi|                                                   gmem2|       pointer|
|m_axi_gmem2_AWCACHE   |  out|    4|       m_axi|                                                   gmem2|       pointer|
|m_axi_gmem2_AWPROT    |  out|    3|       m_axi|                                                   gmem2|       pointer|
|m_axi_gmem2_AWQOS     |  out|    4|       m_axi|                                                   gmem2|       pointer|
|m_axi_gmem2_AWREGION  |  out|    4|       m_axi|                                                   gmem2|       pointer|
|m_axi_gmem2_AWUSER    |  out|    1|       m_axi|                                                   gmem2|       pointer|
|m_axi_gmem2_WVALID    |  out|    1|       m_axi|                                                   gmem2|       pointer|
|m_axi_gmem2_WREADY    |   in|    1|       m_axi|                                                   gmem2|       pointer|
|m_axi_gmem2_WDATA     |  out|    8|       m_axi|                                                   gmem2|       pointer|
|m_axi_gmem2_WSTRB     |  out|    1|       m_axi|                                                   gmem2|       pointer|
|m_axi_gmem2_WLAST     |  out|    1|       m_axi|                                                   gmem2|       pointer|
|m_axi_gmem2_WID       |  out|    1|       m_axi|                                                   gmem2|       pointer|
|m_axi_gmem2_WUSER     |  out|    1|       m_axi|                                                   gmem2|       pointer|
|m_axi_gmem2_ARVALID   |  out|    1|       m_axi|                                                   gmem2|       pointer|
|m_axi_gmem2_ARREADY   |   in|    1|       m_axi|                                                   gmem2|       pointer|
|m_axi_gmem2_ARADDR    |  out|   64|       m_axi|                                                   gmem2|       pointer|
|m_axi_gmem2_ARID      |  out|    1|       m_axi|                                                   gmem2|       pointer|
|m_axi_gmem2_ARLEN     |  out|   32|       m_axi|                                                   gmem2|       pointer|
|m_axi_gmem2_ARSIZE    |  out|    3|       m_axi|                                                   gmem2|       pointer|
|m_axi_gmem2_ARBURST   |  out|    2|       m_axi|                                                   gmem2|       pointer|
|m_axi_gmem2_ARLOCK    |  out|    2|       m_axi|                                                   gmem2|       pointer|
|m_axi_gmem2_ARCACHE   |  out|    4|       m_axi|                                                   gmem2|       pointer|
|m_axi_gmem2_ARPROT    |  out|    3|       m_axi|                                                   gmem2|       pointer|
|m_axi_gmem2_ARQOS     |  out|    4|       m_axi|                                                   gmem2|       pointer|
|m_axi_gmem2_ARREGION  |  out|    4|       m_axi|                                                   gmem2|       pointer|
|m_axi_gmem2_ARUSER    |  out|    1|       m_axi|                                                   gmem2|       pointer|
|m_axi_gmem2_RVALID    |   in|    1|       m_axi|                                                   gmem2|       pointer|
|m_axi_gmem2_RREADY    |  out|    1|       m_axi|                                                   gmem2|       pointer|
|m_axi_gmem2_RDATA     |   in|    8|       m_axi|                                                   gmem2|       pointer|
|m_axi_gmem2_RLAST     |   in|    1|       m_axi|                                                   gmem2|       pointer|
|m_axi_gmem2_RID       |   in|    1|       m_axi|                                                   gmem2|       pointer|
|m_axi_gmem2_RFIFONUM  |   in|   11|       m_axi|                                                   gmem2|       pointer|
|m_axi_gmem2_RUSER     |   in|    1|       m_axi|                                                   gmem2|       pointer|
|m_axi_gmem2_RRESP     |   in|    2|       m_axi|                                                   gmem2|       pointer|
|m_axi_gmem2_BVALID    |   in|    1|       m_axi|                                                   gmem2|       pointer|
|m_axi_gmem2_BREADY    |  out|    1|       m_axi|                                                   gmem2|       pointer|
|m_axi_gmem2_BRESP     |   in|    2|       m_axi|                                                   gmem2|       pointer|
|m_axi_gmem2_BID       |   in|    1|       m_axi|                                                   gmem2|       pointer|
|m_axi_gmem2_BUSER     |   in|    1|       m_axi|                                                   gmem2|       pointer|
|add_ln54              |   in|   64|     ap_none|                                                add_ln54|        scalar|
|add_ln54_1            |   in|   64|     ap_none|                                              add_ln54_1|        scalar|
|vt_address0           |  out|    6|   ap_memory|                                                      vt|         array|
|vt_ce0                |  out|    1|   ap_memory|                                                      vt|         array|
|vt_we0                |  out|    1|   ap_memory|                                                      vt|         array|
|vt_d0                 |  out|    8|   ap_memory|                                                      vt|         array|
|kt_address0           |  out|    6|   ap_memory|                                                      kt|         array|
|kt_ce0                |  out|    1|   ap_memory|                                                      kt|         array|
|kt_we0                |  out|    1|   ap_memory|                                                      kt|         array|
|kt_d0                 |  out|    8|   ap_memory|                                                      kt|         array|
|kt_1_address0         |  out|    6|   ap_memory|                                                    kt_1|         array|
|kt_1_ce0              |  out|    1|   ap_memory|                                                    kt_1|         array|
|kt_1_we0              |  out|    1|   ap_memory|                                                    kt_1|         array|
|kt_1_d0               |  out|    8|   ap_memory|                                                    kt_1|         array|
|kt_2_address0         |  out|    6|   ap_memory|                                                    kt_2|         array|
|kt_2_ce0              |  out|    1|   ap_memory|                                                    kt_2|         array|
|kt_2_we0              |  out|    1|   ap_memory|                                                    kt_2|         array|
|kt_2_d0               |  out|    8|   ap_memory|                                                    kt_2|         array|
|kt_3_address0         |  out|    6|   ap_memory|                                                    kt_3|         array|
|kt_3_ce0              |  out|    1|   ap_memory|                                                    kt_3|         array|
|kt_3_we0              |  out|    1|   ap_memory|                                                    kt_3|         array|
|kt_3_d0               |  out|    8|   ap_memory|                                                    kt_3|         array|
|kt_4_address0         |  out|    6|   ap_memory|                                                    kt_4|         array|
|kt_4_ce0              |  out|    1|   ap_memory|                                                    kt_4|         array|
|kt_4_we0              |  out|    1|   ap_memory|                                                    kt_4|         array|
|kt_4_d0               |  out|    8|   ap_memory|                                                    kt_4|         array|
|kt_5_address0         |  out|    6|   ap_memory|                                                    kt_5|         array|
|kt_5_ce0              |  out|    1|   ap_memory|                                                    kt_5|         array|
|kt_5_we0              |  out|    1|   ap_memory|                                                    kt_5|         array|
|kt_5_d0               |  out|    8|   ap_memory|                                                    kt_5|         array|
|kt_6_address0         |  out|    6|   ap_memory|                                                    kt_6|         array|
|kt_6_ce0              |  out|    1|   ap_memory|                                                    kt_6|         array|
|kt_6_we0              |  out|    1|   ap_memory|                                                    kt_6|         array|
|kt_6_d0               |  out|    8|   ap_memory|                                                    kt_6|         array|
|kt_7_address0         |  out|    6|   ap_memory|                                                    kt_7|         array|
|kt_7_ce0              |  out|    1|   ap_memory|                                                    kt_7|         array|
|kt_7_we0              |  out|    1|   ap_memory|                                                    kt_7|         array|
|kt_7_d0               |  out|    8|   ap_memory|                                                    kt_7|         array|
|kt_8_address0         |  out|    6|   ap_memory|                                                    kt_8|         array|
|kt_8_ce0              |  out|    1|   ap_memory|                                                    kt_8|         array|
|kt_8_we0              |  out|    1|   ap_memory|                                                    kt_8|         array|
|kt_8_d0               |  out|    8|   ap_memory|                                                    kt_8|         array|
|kt_9_address0         |  out|    6|   ap_memory|                                                    kt_9|         array|
|kt_9_ce0              |  out|    1|   ap_memory|                                                    kt_9|         array|
|kt_9_we0              |  out|    1|   ap_memory|                                                    kt_9|         array|
|kt_9_d0               |  out|    8|   ap_memory|                                                    kt_9|         array|
|kt_10_address0        |  out|    6|   ap_memory|                                                   kt_10|         array|
|kt_10_ce0             |  out|    1|   ap_memory|                                                   kt_10|         array|
|kt_10_we0             |  out|    1|   ap_memory|                                                   kt_10|         array|
|kt_10_d0              |  out|    8|   ap_memory|                                                   kt_10|         array|
|kt_11_address0        |  out|    6|   ap_memory|                                                   kt_11|         array|
|kt_11_ce0             |  out|    1|   ap_memory|                                                   kt_11|         array|
|kt_11_we0             |  out|    1|   ap_memory|                                                   kt_11|         array|
|kt_11_d0              |  out|    8|   ap_memory|                                                   kt_11|         array|
|kt_12_address0        |  out|    6|   ap_memory|                                                   kt_12|         array|
|kt_12_ce0             |  out|    1|   ap_memory|                                                   kt_12|         array|
|kt_12_we0             |  out|    1|   ap_memory|                                                   kt_12|         array|
|kt_12_d0              |  out|    8|   ap_memory|                                                   kt_12|         array|
|kt_13_address0        |  out|    6|   ap_memory|                                                   kt_13|         array|
|kt_13_ce0             |  out|    1|   ap_memory|                                                   kt_13|         array|
|kt_13_we0             |  out|    1|   ap_memory|                                                   kt_13|         array|
|kt_13_d0              |  out|    8|   ap_memory|                                                   kt_13|         array|
|kt_14_address0        |  out|    6|   ap_memory|                                                   kt_14|         array|
|kt_14_ce0             |  out|    1|   ap_memory|                                                   kt_14|         array|
|kt_14_we0             |  out|    1|   ap_memory|                                                   kt_14|         array|
|kt_14_d0              |  out|    8|   ap_memory|                                                   kt_14|         array|
|kt_15_address0        |  out|    6|   ap_memory|                                                   kt_15|         array|
|kt_15_ce0             |  out|    1|   ap_memory|                                                   kt_15|         array|
|kt_15_we0             |  out|    1|   ap_memory|                                                   kt_15|         array|
|kt_15_d0              |  out|    8|   ap_memory|                                                   kt_15|         array|
|vt_1_address0         |  out|    6|   ap_memory|                                                    vt_1|         array|
|vt_1_ce0              |  out|    1|   ap_memory|                                                    vt_1|         array|
|vt_1_we0              |  out|    1|   ap_memory|                                                    vt_1|         array|
|vt_1_d0               |  out|    8|   ap_memory|                                                    vt_1|         array|
|vt_2_address0         |  out|    6|   ap_memory|                                                    vt_2|         array|
|vt_2_ce0              |  out|    1|   ap_memory|                                                    vt_2|         array|
|vt_2_we0              |  out|    1|   ap_memory|                                                    vt_2|         array|
|vt_2_d0               |  out|    8|   ap_memory|                                                    vt_2|         array|
|vt_3_address0         |  out|    6|   ap_memory|                                                    vt_3|         array|
|vt_3_ce0              |  out|    1|   ap_memory|                                                    vt_3|         array|
|vt_3_we0              |  out|    1|   ap_memory|                                                    vt_3|         array|
|vt_3_d0               |  out|    8|   ap_memory|                                                    vt_3|         array|
|vt_4_address0         |  out|    6|   ap_memory|                                                    vt_4|         array|
|vt_4_ce0              |  out|    1|   ap_memory|                                                    vt_4|         array|
|vt_4_we0              |  out|    1|   ap_memory|                                                    vt_4|         array|
|vt_4_d0               |  out|    8|   ap_memory|                                                    vt_4|         array|
|vt_5_address0         |  out|    6|   ap_memory|                                                    vt_5|         array|
|vt_5_ce0              |  out|    1|   ap_memory|                                                    vt_5|         array|
|vt_5_we0              |  out|    1|   ap_memory|                                                    vt_5|         array|
|vt_5_d0               |  out|    8|   ap_memory|                                                    vt_5|         array|
|vt_6_address0         |  out|    6|   ap_memory|                                                    vt_6|         array|
|vt_6_ce0              |  out|    1|   ap_memory|                                                    vt_6|         array|
|vt_6_we0              |  out|    1|   ap_memory|                                                    vt_6|         array|
|vt_6_d0               |  out|    8|   ap_memory|                                                    vt_6|         array|
|vt_7_address0         |  out|    6|   ap_memory|                                                    vt_7|         array|
|vt_7_ce0              |  out|    1|   ap_memory|                                                    vt_7|         array|
|vt_7_we0              |  out|    1|   ap_memory|                                                    vt_7|         array|
|vt_7_d0               |  out|    8|   ap_memory|                                                    vt_7|         array|
|vt_8_address0         |  out|    6|   ap_memory|                                                    vt_8|         array|
|vt_8_ce0              |  out|    1|   ap_memory|                                                    vt_8|         array|
|vt_8_we0              |  out|    1|   ap_memory|                                                    vt_8|         array|
|vt_8_d0               |  out|    8|   ap_memory|                                                    vt_8|         array|
|vt_9_address0         |  out|    6|   ap_memory|                                                    vt_9|         array|
|vt_9_ce0              |  out|    1|   ap_memory|                                                    vt_9|         array|
|vt_9_we0              |  out|    1|   ap_memory|                                                    vt_9|         array|
|vt_9_d0               |  out|    8|   ap_memory|                                                    vt_9|         array|
|vt_10_address0        |  out|    6|   ap_memory|                                                   vt_10|         array|
|vt_10_ce0             |  out|    1|   ap_memory|                                                   vt_10|         array|
|vt_10_we0             |  out|    1|   ap_memory|                                                   vt_10|         array|
|vt_10_d0              |  out|    8|   ap_memory|                                                   vt_10|         array|
|vt_11_address0        |  out|    6|   ap_memory|                                                   vt_11|         array|
|vt_11_ce0             |  out|    1|   ap_memory|                                                   vt_11|         array|
|vt_11_we0             |  out|    1|   ap_memory|                                                   vt_11|         array|
|vt_11_d0              |  out|    8|   ap_memory|                                                   vt_11|         array|
|vt_12_address0        |  out|    6|   ap_memory|                                                   vt_12|         array|
|vt_12_ce0             |  out|    1|   ap_memory|                                                   vt_12|         array|
|vt_12_we0             |  out|    1|   ap_memory|                                                   vt_12|         array|
|vt_12_d0              |  out|    8|   ap_memory|                                                   vt_12|         array|
|vt_13_address0        |  out|    6|   ap_memory|                                                   vt_13|         array|
|vt_13_ce0             |  out|    1|   ap_memory|                                                   vt_13|         array|
|vt_13_we0             |  out|    1|   ap_memory|                                                   vt_13|         array|
|vt_13_d0              |  out|    8|   ap_memory|                                                   vt_13|         array|
|vt_14_address0        |  out|    6|   ap_memory|                                                   vt_14|         array|
|vt_14_ce0             |  out|    1|   ap_memory|                                                   vt_14|         array|
|vt_14_we0             |  out|    1|   ap_memory|                                                   vt_14|         array|
|vt_14_d0              |  out|    8|   ap_memory|                                                   vt_14|         array|
|vt_15_address0        |  out|    6|   ap_memory|                                                   vt_15|         array|
|vt_15_ce0             |  out|    1|   ap_memory|                                                   vt_15|         array|
|vt_15_we0             |  out|    1|   ap_memory|                                                   vt_15|         array|
|vt_15_d0              |  out|    8|   ap_memory|                                                   vt_15|         array|
+----------------------+-----+-----+------------+--------------------------------------------------------+--------------+

