

================================================================
== Vitis HLS Report for 'streaming_attention_Pipeline_AV'
================================================================
* Date:           Sat Jun 20 05:22:15 2026

* Version:        2022.1 (Build 3526262 on Mon Apr 18 15:47:01 MDT 2022)
* Project:        stream_attn_hls
* Solution:       sol1 (Vivado IP Flow Target)
* Product family: zynq
* Target device:  xc7z020-clg400-1


================================================================
== Performance Estimates
================================================================
+ Timing: 
    * Summary: 
    +--------+----------+-----------+------------+
    |  Clock |  Target  | Estimated | Uncertainty|
    +--------+----------+-----------+------------+
    |ap_clk  |  10.00 ns|  14.512 ns|     2.70 ns|
    +--------+----------+-----------+------------+

+ Latency: 
    * Summary: 
    +---------+---------+-----------+-----------+------+------+---------+
    |  Latency (cycles) |   Latency (absolute)  |   Interval  | Pipeline|
    |   min   |   max   |    min    |    max    |  min |  max |   Type  |
    +---------+---------+-----------+-----------+------+------+---------+
    |     4296|     4296|  62.344 us|  62.344 us|  4296|  4296|       no|
    +---------+---------+-----------+-----------+------+------+---------+

    + Detail: 
        * Instance: 
        N/A

        * Loop: 
        +----------+---------+---------+----------+-----------+-----------+------+----------+
        |          |  Latency (cycles) | Iteration|  Initiation Interval  | Trip |          |
        | Loop Name|   min   |   max   |  Latency |  achieved |   target  | Count| Pipelined|
        +----------+---------+---------+----------+-----------+-----------+------+----------+
        |- AV      |     4294|     4294|        74|         67|          1|    64|       yes|
        +----------+---------+---------+----------+-----------+-----------+------+----------+



================================================================
== Utilization Estimates
================================================================
* Summary: 
+-----------------+---------+-----+--------+-------+-----+
|       Name      | BRAM_18K| DSP |   FF   |  LUT  | URAM|
+-----------------+---------+-----+--------+-------+-----+
|DSP              |        -|    -|       -|      -|    -|
|Expression       |        -|    -|       0|     27|    -|
|FIFO             |        -|    -|       -|      -|    -|
|Instance         |        -|    3|     143|    594|    -|
|Memory           |        -|    -|       -|      -|    -|
|Multiplexer      |        -|    -|       -|   1766|    -|
|Register         |        -|    -|     633|      -|    -|
+-----------------+---------+-----+--------+-------+-----+
|Total            |        0|    3|     776|   2387|    0|
+-----------------+---------+-----+--------+-------+-----+
|Available        |      280|  220|  106400|  53200|    0|
+-----------------+---------+-----+--------+-------+-----+
|Utilization (%)  |        0|    1|      ~0|      4|    0|
+-----------------+---------+-----+--------+-------+-----+

+ Detail: 
    * Instance: 
    +------------------------------------+-------------------------------+---------+----+-----+-----+-----+
    |              Instance              |             Module            | BRAM_18K| DSP|  FF | LUT | URAM|
    +------------------------------------+-------------------------------+---------+----+-----+-----+-----+
    |fmul_32ns_32ns_32_4_max_dsp_1_U363  |fmul_32ns_32ns_32_4_max_dsp_1  |        0|   3|  143|  321|    0|
    |mux_647_32_1_1_U365                 |mux_647_32_1_1                 |        0|   0|    0|  273|    0|
    |sitofp_32s_32_6_no_dsp_1_U364       |sitofp_32s_32_6_no_dsp_1       |        0|   0|    0|    0|    0|
    +------------------------------------+-------------------------------+---------+----+-----+-----+-----+
    |Total                               |                               |        0|   3|  143|  594|    0|
    +------------------------------------+-------------------------------+---------+----+-----+-----+-----+

    * DSP: 
    N/A

    * Memory: 
    N/A

    * FIFO: 
    N/A

    * Expression: 
    +----------------------+----------+----+---+----+------------+------------+
    |     Variable Name    | Operation| DSP| FF| LUT| Bitwidth P0| Bitwidth P1|
    +----------------------+----------+----+---+----+------------+------------+
    |add_ln110_fu_757_p2   |         +|   0|  0|  14|           7|           1|
    |icmp_ln110_fu_727_p2  |      icmp|   0|  0|  11|           7|           8|
    |ap_enable_pp0         |       xor|   0|  0|   2|           1|           2|
    +----------------------+----------+----+---+----+------------+------------+
    |Total                 |          |   0|  0|  27|          15|          11|
    +----------------------+----------+----+---+----+------------+------------+

    * Multiplexer: 
    +-----------------------------------+-----+-----------+-----+-----------+
    |                Name               | LUT | Input Size| Bits| Total Bits|
    +-----------------------------------+-----+-----------+-----+-----------+
    |acc_192_out_o                      |    9|          2|   32|         64|
    |acc_193_out_o                      |    9|          2|   32|         64|
    |acc_194_out_o                      |    9|          2|   32|         64|
    |acc_195_out_o                      |    9|          2|   32|         64|
    |acc_196_out_o                      |    9|          2|   32|         64|
    |acc_197_out_o                      |    9|          2|   32|         64|
    |acc_198_out_o                      |    9|          2|   32|         64|
    |acc_199_out_o                      |    9|          2|   32|         64|
    |acc_200_out_o                      |    9|          2|   32|         64|
    |acc_201_out_o                      |    9|          2|   32|         64|
    |acc_202_out_o                      |    9|          2|   32|         64|
    |acc_203_out_o                      |    9|          2|   32|         64|
    |acc_204_out_o                      |    9|          2|   32|         64|
    |acc_205_out_o                      |    9|          2|   32|         64|
    |acc_206_out_o                      |    9|          2|   32|         64|
    |acc_207_out_o                      |    9|          2|   32|         64|
    |acc_208_out_o                      |    9|          2|   32|         64|
    |acc_209_out_o                      |    9|          2|   32|         64|
    |acc_210_out_o                      |    9|          2|   32|         64|
    |acc_211_out_o                      |    9|          2|   32|         64|
    |acc_212_out_o                      |    9|          2|   32|         64|
    |acc_213_out_o                      |    9|          2|   32|         64|
    |acc_214_out_o                      |    9|          2|   32|         64|
    |acc_215_out_o                      |    9|          2|   32|         64|
    |acc_216_out_o                      |    9|          2|   32|         64|
    |acc_217_out_o                      |    9|          2|   32|         64|
    |acc_218_out_o                      |    9|          2|   32|         64|
    |acc_219_out_o                      |    9|          2|   32|         64|
    |acc_220_out_o                      |    9|          2|   32|         64|
    |acc_221_out_o                      |    9|          2|   32|         64|
    |acc_222_out_o                      |    9|          2|   32|         64|
    |acc_223_out_o                      |    9|          2|   32|         64|
    |acc_224_out_o                      |    9|          2|   32|         64|
    |acc_225_out_o                      |    9|          2|   32|         64|
    |acc_226_out_o                      |    9|          2|   32|         64|
    |acc_227_out_o                      |    9|          2|   32|         64|
    |acc_228_out_o                      |    9|          2|   32|         64|
    |acc_229_out_o                      |    9|          2|   32|         64|
    |acc_230_out_o                      |    9|          2|   32|         64|
    |acc_231_out_o                      |    9|          2|   32|         64|
    |acc_232_out_o                      |    9|          2|   32|         64|
    |acc_233_out_o                      |    9|          2|   32|         64|
    |acc_234_out_o                      |    9|          2|   32|         64|
    |acc_235_out_o                      |    9|          2|   32|         64|
    |acc_236_out_o                      |    9|          2|   32|         64|
    |acc_237_out_o                      |    9|          2|   32|         64|
    |acc_238_out_o                      |    9|          2|   32|         64|
    |acc_239_out_o                      |    9|          2|   32|         64|
    |acc_240_out_o                      |    9|          2|   32|         64|
    |acc_241_out_o                      |    9|          2|   32|         64|
    |acc_242_out_o                      |    9|          2|   32|         64|
    |acc_243_out_o                      |    9|          2|   32|         64|
    |acc_244_out_o                      |    9|          2|   32|         64|
    |acc_245_out_o                      |    9|          2|   32|         64|
    |acc_246_out_o                      |    9|          2|   32|         64|
    |acc_247_out_o                      |    9|          2|   32|         64|
    |acc_248_out_o                      |    9|          2|   32|         64|
    |acc_249_out_o                      |    9|          2|   32|         64|
    |acc_250_out_o                      |    9|          2|   32|         64|
    |acc_251_out_o                      |    9|          2|   32|         64|
    |acc_252_out_o                      |    9|          2|   32|         64|
    |acc_253_out_o                      |    9|          2|   32|         64|
    |acc_254_out_o                      |    9|          2|   32|         64|
    |acc_255_out_o                      |    9|          2|   32|         64|
    |ap_NS_fsm                          |  305|         68|    1|         68|
    |ap_done_int                        |    9|          2|    1|          2|
    |ap_enable_reg_pp0_iter0            |    9|          2|    1|          2|
    |ap_enable_reg_pp0_iter0_reg        |    9|          2|    1|          2|
    |ap_enable_reg_pp0_iter1            |    9|          2|    1|          2|
    |ap_sig_allocacmp_acc_192_out_load  |    9|          2|   32|         64|
    |ap_sig_allocacmp_acc_193_out_load  |    9|          2|   32|         64|
    |ap_sig_allocacmp_acc_194_out_load  |    9|          2|   32|         64|
    |ap_sig_allocacmp_acc_195_out_load  |    9|          2|   32|         64|
    |ap_sig_allocacmp_acc_196_out_load  |    9|          2|   32|         64|
    |ap_sig_allocacmp_acc_197_out_load  |    9|          2|   32|         64|
    |ap_sig_allocacmp_acc_198_out_load  |    9|          2|   32|         64|
    |ap_sig_allocacmp_acc_199_out_load  |    9|          2|   32|         64|
    |ap_sig_allocacmp_acc_200_out_load  |    9|          2|   32|         64|
    |ap_sig_allocacmp_acc_201_out_load  |    9|          2|   32|         64|
    |ap_sig_allocacmp_acc_202_out_load  |    9|          2|   32|         64|
    |ap_sig_allocacmp_acc_203_out_load  |    9|          2|   32|         64|
    |ap_sig_allocacmp_acc_204_out_load  |    9|          2|   32|         64|
    |ap_sig_allocacmp_acc_205_out_load  |    9|          2|   32|         64|
    |ap_sig_allocacmp_acc_206_out_load  |    9|          2|   32|         64|
    |ap_sig_allocacmp_acc_207_out_load  |    9|          2|   32|         64|
    |ap_sig_allocacmp_acc_208_out_load  |    9|          2|   32|         64|
    |ap_sig_allocacmp_acc_209_out_load  |    9|          2|   32|         64|
    |ap_sig_allocacmp_acc_210_out_load  |    9|          2|   32|         64|
    |ap_sig_allocacmp_acc_211_out_load  |    9|          2|   32|         64|
    |ap_sig_allocacmp_acc_212_out_load  |    9|          2|   32|         64|
    |ap_sig_allocacmp_acc_213_out_load  |    9|          2|   32|         64|
    |ap_sig_allocacmp_acc_214_out_load  |    9|          2|   32|         64|
    |ap_sig_allocacmp_acc_215_out_load  |    9|          2|   32|         64|
    |ap_sig_allocacmp_acc_216_out_load  |    9|          2|   32|         64|
    |ap_sig_allocacmp_acc_217_out_load  |    9|          2|   32|         64|
    |ap_sig_allocacmp_acc_218_out_load  |    9|          2|   32|         64|
    |ap_sig_allocacmp_acc_219_out_load  |    9|          2|   32|         64|
    |ap_sig_allocacmp_acc_220_out_load  |    9|          2|   32|         64|
    |ap_sig_allocacmp_acc_221_out_load  |    9|          2|   32|         64|
    |ap_sig_allocacmp_acc_222_out_load  |    9|          2|   32|         64|
    |ap_sig_allocacmp_acc_223_out_load  |    9|          2|   32|         64|
    |ap_sig_allocacmp_acc_224_out_load  |    9|          2|   32|         64|
    |ap_sig_allocacmp_acc_225_out_load  |    9|          2|   32|         64|
    |ap_sig_allocacmp_acc_226_out_load  |    9|          2|   32|         64|
    |ap_sig_allocacmp_acc_227_out_load  |    9|          2|   32|         64|
    |ap_sig_allocacmp_acc_228_out_load  |    9|          2|   32|         64|
    |ap_sig_allocacmp_acc_229_out_load  |    9|          2|   32|         64|
    |ap_sig_allocacmp_acc_230_out_load  |    9|          2|   32|         64|
    |ap_sig_allocacmp_acc_231_out_load  |    9|          2|   32|         64|
    |ap_sig_allocacmp_acc_232_out_load  |    9|          2|   32|         64|
    |ap_sig_allocacmp_acc_233_out_load  |    9|          2|   32|         64|
    |ap_sig_allocacmp_acc_234_out_load  |    9|          2|   32|         64|
    |ap_sig_allocacmp_acc_235_out_load  |    9|          2|   32|         64|
    |ap_sig_allocacmp_acc_236_out_load  |    9|          2|   32|         64|
    |ap_sig_allocacmp_acc_237_out_load  |    9|          2|   32|         64|
    |ap_sig_allocacmp_acc_238_out_load  |    9|          2|   32|         64|
    |ap_sig_allocacmp_acc_239_out_load  |    9|          2|   32|         64|
    |ap_sig_allocacmp_acc_240_out_load  |    9|          2|   32|         64|
    |ap_sig_allocacmp_acc_241_out_load  |    9|          2|   32|         64|
    |ap_sig_allocacmp_acc_242_out_load  |    9|          2|   32|         64|
    |ap_sig_allocacmp_acc_243_out_load  |    9|          2|   32|         64|
    |ap_sig_allocacmp_acc_244_out_load  |    9|          2|   32|         64|
    |ap_sig_allocacmp_acc_245_out_load  |    9|          2|   32|         64|
    |ap_sig_allocacmp_acc_246_out_load  |    9|          2|   32|         64|
    |ap_sig_allocacmp_acc_247_out_load  |    9|          2|   32|         64|
    |ap_sig_allocacmp_acc_248_out_load  |    9|          2|   32|         64|
    |ap_sig_allocacmp_acc_249_out_load  |    9|          2|   32|         64|
    |ap_sig_allocacmp_acc_250_out_load  |    9|          2|   32|         64|
    |ap_sig_allocacmp_acc_251_out_load  |    9|          2|   32|         64|
    |ap_sig_allocacmp_acc_252_out_load  |    9|          2|   32|         64|
    |ap_sig_allocacmp_acc_253_out_load  |    9|          2|   32|         64|
    |ap_sig_allocacmp_acc_254_out_load  |    9|          2|   32|         64|
    |ap_sig_allocacmp_acc_255_out_load  |    9|          2|   32|         64|
    |ap_sig_allocacmp_d_4               |    9|          2|    7|         14|
    |d_fu_348                           |    9|          2|    7|         14|
    |grp_fu_662_p0                      |   14|          3|   32|         96|
    |grp_fu_662_p1                      |   65|         15|   32|        480|
    |grp_fu_667_p0                      |   81|         17|   32|        544|
    |grp_fu_667_p1                      |   14|          3|   32|         96|
    |grp_fu_677_p0                      |   81|         17|   32|        544|
    +-----------------------------------+-----+-----------+-----+-----------+
    |Total                              | 1766|        391| 4275|      10056|
    +-----------------------------------+-----+-----------+-----+-----------+

    * Register: 
    +------------------------------------+----+----+-----+-----------+
    |                Name                | FF | LUT| Bits| Const Bits|
    +------------------------------------+----+----+-----+-----------+
    |ap_CS_fsm                           |  67|   0|   67|          0|
    |ap_done_reg                         |   1|   0|    1|          0|
    |ap_enable_reg_pp0_iter0_reg         |   1|   0|    1|          0|
    |ap_enable_reg_pp0_iter1             |   1|   0|    1|          0|
    |d_4_reg_1698                        |   7|   0|    7|          0|
    |d_fu_348                            |   7|   0|    7|          0|
    |icmp_ln110_reg_1704                 |   1|   0|    1|          0|
    |mul136_10_reg_1987                  |  32|   0|   32|          0|
    |mul136_12_reg_1992                  |  32|   0|   32|          0|
    |mul136_13_reg_1997                  |  32|   0|   32|          0|
    |mul136_14_reg_2002                  |  32|   0|   32|          0|
    |mul136_3_reg_1932                   |  32|   0|   32|          0|
    |mul136_5_reg_1947                   |  32|   0|   32|          0|
    |mul136_6_reg_1957                   |  32|   0|   32|          0|
    |mul136_7_reg_1967                   |  32|   0|   32|          0|
    |mul136_9_reg_1977                   |  32|   0|   32|          0|
    |mul136_s_reg_1982                   |  32|   0|   32|          0|
    |reg_698                             |  32|   0|   32|          0|
    |reg_704                             |  32|   0|   32|          0|
    |reg_709                             |  32|   0|   32|          0|
    |trunc_ln117_reg_1788                |   6|   0|    6|          0|
    |trunc_ln117_reg_1788_pp0_iter1_reg  |   6|   0|    6|          0|
    |vt_10_load_reg_1842                 |   8|   0|    8|          0|
    |vt_11_load_reg_1847                 |   8|   0|    8|          0|
    |vt_12_load_reg_1852                 |   8|   0|    8|          0|
    |vt_13_load_reg_1857                 |   8|   0|    8|          0|
    |vt_14_load_reg_1862                 |   8|   0|    8|          0|
    |vt_15_load_reg_1867                 |   8|   0|    8|          0|
    |vt_1_load_reg_1797                  |   8|   0|    8|          0|
    |vt_2_load_reg_1802                  |   8|   0|    8|          0|
    |vt_3_load_reg_1807                  |   8|   0|    8|          0|
    |vt_4_load_reg_1812                  |   8|   0|    8|          0|
    |vt_5_load_reg_1817                  |   8|   0|    8|          0|
    |vt_6_load_reg_1822                  |   8|   0|    8|          0|
    |vt_7_load_reg_1827                  |   8|   0|    8|          0|
    |vt_8_load_reg_1832                  |   8|   0|    8|          0|
    |vt_9_load_reg_1837                  |   8|   0|    8|          0|
    +------------------------------------+----+----+-----+-----------+
    |Total                               | 633|   0|  633|          0|
    +------------------------------------+----+----+-----+-----------+



================================================================
== Interface
================================================================
* Summary: 
+----------------------+-----+-----+------------+---------------------------------+--------------+
|       RTL Ports      | Dir | Bits|  Protocol  |          Source Object          |    C Type    |
+----------------------+-----+-----+------------+---------------------------------+--------------+
|ap_clk                |   in|    1|  ap_ctrl_hs|  streaming_attention_Pipeline_AV|  return value|
|ap_rst                |   in|    1|  ap_ctrl_hs|  streaming_attention_Pipeline_AV|  return value|
|ap_start              |   in|    1|  ap_ctrl_hs|  streaming_attention_Pipeline_AV|  return value|
|ap_done               |  out|    1|  ap_ctrl_hs|  streaming_attention_Pipeline_AV|  return value|
|ap_idle               |  out|    1|  ap_ctrl_hs|  streaming_attention_Pipeline_AV|  return value|
|ap_ready              |  out|    1|  ap_ctrl_hs|  streaming_attention_Pipeline_AV|  return value|
|grp_fu_4113_p_din0    |  out|   32|  ap_ctrl_hs|  streaming_attention_Pipeline_AV|  return value|
|grp_fu_4113_p_din1    |  out|   32|  ap_ctrl_hs|  streaming_attention_Pipeline_AV|  return value|
|grp_fu_4113_p_opcode  |  out|    1|  ap_ctrl_hs|  streaming_attention_Pipeline_AV|  return value|
|grp_fu_4113_p_dout0   |   in|   32|  ap_ctrl_hs|  streaming_attention_Pipeline_AV|  return value|
|grp_fu_4113_p_ce      |  out|    1|  ap_ctrl_hs|  streaming_attention_Pipeline_AV|  return value|
|grp_fu_4109_p_din0    |  out|   32|  ap_ctrl_hs|  streaming_attention_Pipeline_AV|  return value|
|grp_fu_4109_p_din1    |  out|   32|  ap_ctrl_hs|  streaming_attention_Pipeline_AV|  return value|
|grp_fu_4109_p_dout0   |   in|   32|  ap_ctrl_hs|  streaming_attention_Pipeline_AV|  return value|
|grp_fu_4109_p_ce      |  out|    1|  ap_ctrl_hs|  streaming_attention_Pipeline_AV|  return value|
|alpha                 |   in|   32|     ap_none|                            alpha|        scalar|
|vt_address0           |  out|    6|   ap_memory|                               vt|         array|
|vt_ce0                |  out|    1|   ap_memory|                               vt|         array|
|vt_q0                 |   in|    8|   ap_memory|                               vt|         array|
|beta_reload           |   in|   32|     ap_none|                      beta_reload|        scalar|
|vt_1_address0         |  out|    6|   ap_memory|                             vt_1|         array|
|vt_1_ce0              |  out|    1|   ap_memory|                             vt_1|         array|
|vt_1_q0               |   in|    8|   ap_memory|                             vt_1|         array|
|beta_1_reload         |   in|   32|     ap_none|                    beta_1_reload|        scalar|
|vt_2_address0         |  out|    6|   ap_memory|                             vt_2|         array|
|vt_2_ce0              |  out|    1|   ap_memory|                             vt_2|         array|
|vt_2_q0               |   in|    8|   ap_memory|                             vt_2|         array|
|beta_2_reload         |   in|   32|     ap_none|                    beta_2_reload|        scalar|
|vt_3_address0         |  out|    6|   ap_memory|                             vt_3|         array|
|vt_3_ce0              |  out|    1|   ap_memory|                             vt_3|         array|
|vt_3_q0               |   in|    8|   ap_memory|                             vt_3|         array|
|beta_3_reload         |   in|   32|     ap_none|                    beta_3_reload|        scalar|
|vt_4_address0         |  out|    6|   ap_memory|                             vt_4|         array|
|vt_4_ce0              |  out|    1|   ap_memory|                             vt_4|         array|
|vt_4_q0               |   in|    8|   ap_memory|                             vt_4|         array|
|beta_4_reload         |   in|   32|     ap_none|                    beta_4_reload|        scalar|
|vt_5_address0         |  out|    6|   ap_memory|                             vt_5|         array|
|vt_5_ce0              |  out|    1|   ap_memory|                             vt_5|         array|
|vt_5_q0               |   in|    8|   ap_memory|                             vt_5|         array|
|beta_5_reload         |   in|   32|     ap_none|                    beta_5_reload|        scalar|
|vt_6_address0         |  out|    6|   ap_memory|                             vt_6|         array|
|vt_6_ce0              |  out|    1|   ap_memory|                             vt_6|         array|
|vt_6_q0               |   in|    8|   ap_memory|                             vt_6|         array|
|beta_6_reload         |   in|   32|     ap_none|                    beta_6_reload|        scalar|
|vt_7_address0         |  out|    6|   ap_memory|                             vt_7|         array|
|vt_7_ce0              |  out|    1|   ap_memory|                             vt_7|         array|
|vt_7_q0               |   in|    8|   ap_memory|                             vt_7|         array|
|beta_7_reload         |   in|   32|     ap_none|                    beta_7_reload|        scalar|
|vt_8_address0         |  out|    6|   ap_memory|                             vt_8|         array|
|vt_8_ce0              |  out|    1|   ap_memory|                             vt_8|         array|
|vt_8_q0               |   in|    8|   ap_memory|                             vt_8|         array|
|beta_8_reload         |   in|   32|     ap_none|                    beta_8_reload|        scalar|
|vt_9_address0         |  out|    6|   ap_memory|                             vt_9|         array|
|vt_9_ce0              |  out|    1|   ap_memory|                             vt_9|         array|
|vt_9_q0               |   in|    8|   ap_memory|                             vt_9|         array|
|beta_9_reload         |   in|   32|     ap_none|                    beta_9_reload|        scalar|
|vt_10_address0        |  out|    6|   ap_memory|                            vt_10|         array|
|vt_10_ce0             |  out|    1|   ap_memory|                            vt_10|         array|
|vt_10_q0              |   in|    8|   ap_memory|                            vt_10|         array|
|beta_10_reload        |   in|   32|     ap_none|                   beta_10_reload|        scalar|
|vt_11_address0        |  out|    6|   ap_memory|                            vt_11|         array|
|vt_11_ce0             |  out|    1|   ap_memory|                            vt_11|         array|
|vt_11_q0              |   in|    8|   ap_memory|                            vt_11|         array|
|beta_11_reload        |   in|   32|     ap_none|                   beta_11_reload|        scalar|
|vt_12_address0        |  out|    6|   ap_memory|                            vt_12|         array|
|vt_12_ce0             |  out|    1|   ap_memory|                            vt_12|         array|
|vt_12_q0              |   in|    8|   ap_memory|                            vt_12|         array|
|beta_12_reload        |   in|   32|     ap_none|                   beta_12_reload|        scalar|
|vt_13_address0        |  out|    6|   ap_memory|                            vt_13|         array|
|vt_13_ce0             |  out|    1|   ap_memory|                            vt_13|         array|
|vt_13_q0              |   in|    8|   ap_memory|                            vt_13|         array|
|beta_13_reload        |   in|   32|     ap_none|                   beta_13_reload|        scalar|
|vt_14_address0        |  out|    6|   ap_memory|                            vt_14|         array|
|vt_14_ce0             |  out|    1|   ap_memory|                            vt_14|         array|
|vt_14_q0              |   in|    8|   ap_memory|                            vt_14|         array|
|beta_14_reload        |   in|   32|     ap_none|                   beta_14_reload|        scalar|
|vt_15_address0        |  out|    6|   ap_memory|                            vt_15|         array|
|vt_15_ce0             |  out|    1|   ap_memory|                            vt_15|         array|
|vt_15_q0              |   in|    8|   ap_memory|                            vt_15|         array|
|beta_15_reload        |   in|   32|     ap_none|                   beta_15_reload|        scalar|
|acc_255_out_i         |   in|   32|     ap_ovld|                      acc_255_out|       pointer|
|acc_255_out_o         |  out|   32|     ap_ovld|                      acc_255_out|       pointer|
|acc_255_out_o_ap_vld  |  out|    1|     ap_ovld|                      acc_255_out|       pointer|
|acc_254_out_i         |   in|   32|     ap_ovld|                      acc_254_out|       pointer|
|acc_254_out_o         |  out|   32|     ap_ovld|                      acc_254_out|       pointer|
|acc_254_out_o_ap_vld  |  out|    1|     ap_ovld|                      acc_254_out|       pointer|
|acc_253_out_i         |   in|   32|     ap_ovld|                      acc_253_out|       pointer|
|acc_253_out_o         |  out|   32|     ap_ovld|                      acc_253_out|       pointer|
|acc_253_out_o_ap_vld  |  out|    1|     ap_ovld|                      acc_253_out|       pointer|
|acc_252_out_i         |   in|   32|     ap_ovld|                      acc_252_out|       pointer|
|acc_252_out_o         |  out|   32|     ap_ovld|                      acc_252_out|       pointer|
|acc_252_out_o_ap_vld  |  out|    1|     ap_ovld|                      acc_252_out|       pointer|
|acc_251_out_i         |   in|   32|     ap_ovld|                      acc_251_out|       pointer|
|acc_251_out_o         |  out|   32|     ap_ovld|                      acc_251_out|       pointer|
|acc_251_out_o_ap_vld  |  out|    1|     ap_ovld|                      acc_251_out|       pointer|
|acc_250_out_i         |   in|   32|     ap_ovld|                      acc_250_out|       pointer|
|acc_250_out_o         |  out|   32|     ap_ovld|                      acc_250_out|       pointer|
|acc_250_out_o_ap_vld  |  out|    1|     ap_ovld|                      acc_250_out|       pointer|
|acc_249_out_i         |   in|   32|     ap_ovld|                      acc_249_out|       pointer|
|acc_249_out_o         |  out|   32|     ap_ovld|                      acc_249_out|       pointer|
|acc_249_out_o_ap_vld  |  out|    1|     ap_ovld|                      acc_249_out|       pointer|
|acc_248_out_i         |   in|   32|     ap_ovld|                      acc_248_out|       pointer|
|acc_248_out_o         |  out|   32|     ap_ovld|                      acc_248_out|       pointer|
|acc_248_out_o_ap_vld  |  out|    1|     ap_ovld|                      acc_248_out|       pointer|
|acc_247_out_i         |   in|   32|     ap_ovld|                      acc_247_out|       pointer|
|acc_247_out_o         |  out|   32|     ap_ovld|                      acc_247_out|       pointer|
|acc_247_out_o_ap_vld  |  out|    1|     ap_ovld|                      acc_247_out|       pointer|
|acc_246_out_i         |   in|   32|     ap_ovld|                      acc_246_out|       pointer|
|acc_246_out_o         |  out|   32|     ap_ovld|                      acc_246_out|       pointer|
|acc_246_out_o_ap_vld  |  out|    1|     ap_ovld|                      acc_246_out|       pointer|
|acc_245_out_i         |   in|   32|     ap_ovld|                      acc_245_out|       pointer|
|acc_245_out_o         |  out|   32|     ap_ovld|                      acc_245_out|       pointer|
|acc_245_out_o_ap_vld  |  out|    1|     ap_ovld|                      acc_245_out|       pointer|
|acc_244_out_i         |   in|   32|     ap_ovld|                      acc_244_out|       pointer|
|acc_244_out_o         |  out|   32|     ap_ovld|                      acc_244_out|       pointer|
|acc_244_out_o_ap_vld  |  out|    1|     ap_ovld|                      acc_244_out|       pointer|
|acc_243_out_i         |   in|   32|     ap_ovld|                      acc_243_out|       pointer|
|acc_243_out_o         |  out|   32|     ap_ovld|                      acc_243_out|       pointer|
|acc_243_out_o_ap_vld  |  out|    1|     ap_ovld|                      acc_243_out|       pointer|
|acc_242_out_i         |   in|   32|     ap_ovld|                      acc_242_out|       pointer|
|acc_242_out_o         |  out|   32|     ap_ovld|                      acc_242_out|       pointer|
|acc_242_out_o_ap_vld  |  out|    1|     ap_ovld|                      acc_242_out|       pointer|
|acc_241_out_i         |   in|   32|     ap_ovld|                      acc_241_out|       pointer|
|acc_241_out_o         |  out|   32|     ap_ovld|                      acc_241_out|       pointer|
|acc_241_out_o_ap_vld  |  out|    1|     ap_ovld|                      acc_241_out|       pointer|
|acc_240_out_i         |   in|   32|     ap_ovld|                      acc_240_out|       pointer|
|acc_240_out_o         |  out|   32|     ap_ovld|                      acc_240_out|       pointer|
|acc_240_out_o_ap_vld  |  out|    1|     ap_ovld|                      acc_240_out|       pointer|
|acc_239_out_i         |   in|   32|     ap_ovld|                      acc_239_out|       pointer|
|acc_239_out_o         |  out|   32|     ap_ovld|                      acc_239_out|       pointer|
|acc_239_out_o_ap_vld  |  out|    1|     ap_ovld|                      acc_239_out|       pointer|
|acc_238_out_i         |   in|   32|     ap_ovld|                      acc_238_out|       pointer|
|acc_238_out_o         |  out|   32|     ap_ovld|                      acc_238_out|       pointer|
|acc_238_out_o_ap_vld  |  out|    1|     ap_ovld|                      acc_238_out|       pointer|
|acc_237_out_i         |   in|   32|     ap_ovld|                      acc_237_out|       pointer|
|acc_237_out_o         |  out|   32|     ap_ovld|                      acc_237_out|       pointer|
|acc_237_out_o_ap_vld  |  out|    1|     ap_ovld|                      acc_237_out|       pointer|
|acc_236_out_i         |   in|   32|     ap_ovld|                      acc_236_out|       pointer|
|acc_236_out_o         |  out|   32|     ap_ovld|                      acc_236_out|       pointer|
|acc_236_out_o_ap_vld  |  out|    1|     ap_ovld|                      acc_236_out|       pointer|
|acc_235_out_i         |   in|   32|     ap_ovld|                      acc_235_out|       pointer|
|acc_235_out_o         |  out|   32|     ap_ovld|                      acc_235_out|       pointer|
|acc_235_out_o_ap_vld  |  out|    1|     ap_ovld|                      acc_235_out|       pointer|
|acc_234_out_i         |   in|   32|     ap_ovld|                      acc_234_out|       pointer|
|acc_234_out_o         |  out|   32|     ap_ovld|                      acc_234_out|       pointer|
|acc_234_out_o_ap_vld  |  out|    1|     ap_ovld|                      acc_234_out|       pointer|
|acc_233_out_i         |   in|   32|     ap_ovld|                      acc_233_out|       pointer|
|acc_233_out_o         |  out|   32|     ap_ovld|                      acc_233_out|       pointer|
|acc_233_out_o_ap_vld  |  out|    1|     ap_ovld|                      acc_233_out|       pointer|
|acc_232_out_i         |   in|   32|     ap_ovld|                      acc_232_out|       pointer|
|acc_232_out_o         |  out|   32|     ap_ovld|                      acc_232_out|       pointer|
|acc_232_out_o_ap_vld  |  out|    1|     ap_ovld|                      acc_232_out|       pointer|
|acc_231_out_i         |   in|   32|     ap_ovld|                      acc_231_out|       pointer|
|acc_231_out_o         |  out|   32|     ap_ovld|                      acc_231_out|       pointer|
|acc_231_out_o_ap_vld  |  out|    1|     ap_ovld|                      acc_231_out|       pointer|
|acc_230_out_i         |   in|   32|     ap_ovld|                      acc_230_out|       pointer|
|acc_230_out_o         |  out|   32|     ap_ovld|                      acc_230_out|       pointer|
|acc_230_out_o_ap_vld  |  out|    1|     ap_ovld|                      acc_230_out|       pointer|
|acc_229_out_i         |   in|   32|     ap_ovld|                      acc_229_out|       pointer|
|acc_229_out_o         |  out|   32|     ap_ovld|                      acc_229_out|       pointer|
|acc_229_out_o_ap_vld  |  out|    1|     ap_ovld|                      acc_229_out|       pointer|
|acc_228_out_i         |   in|   32|     ap_ovld|                      acc_228_out|       pointer|
|acc_228_out_o         |  out|   32|     ap_ovld|                      acc_228_out|       pointer|
|acc_228_out_o_ap_vld  |  out|    1|     ap_ovld|                      acc_228_out|       pointer|
|acc_227_out_i         |   in|   32|     ap_ovld|                      acc_227_out|       pointer|
|acc_227_out_o         |  out|   32|     ap_ovld|                      acc_227_out|       pointer|
|acc_227_out_o_ap_vld  |  out|    1|     ap_ovld|                      acc_227_out|       pointer|
|acc_226_out_i         |   in|   32|     ap_ovld|                      acc_226_out|       pointer|
|acc_226_out_o         |  out|   32|     ap_ovld|                      acc_226_out|       pointer|
|acc_226_out_o_ap_vld  |  out|    1|     ap_ovld|                      acc_226_out|       pointer|
|acc_225_out_i         |   in|   32|     ap_ovld|                      acc_225_out|       pointer|
|acc_225_out_o         |  out|   32|     ap_ovld|                      acc_225_out|       pointer|
|acc_225_out_o_ap_vld  |  out|    1|     ap_ovld|                      acc_225_out|       pointer|
|acc_224_out_i         |   in|   32|     ap_ovld|                      acc_224_out|       pointer|
|acc_224_out_o         |  out|   32|     ap_ovld|                      acc_224_out|       pointer|
|acc_224_out_o_ap_vld  |  out|    1|     ap_ovld|                      acc_224_out|       pointer|
|acc_223_out_i         |   in|   32|     ap_ovld|                      acc_223_out|       pointer|
|acc_223_out_o         |  out|   32|     ap_ovld|                      acc_223_out|       pointer|
|acc_223_out_o_ap_vld  |  out|    1|     ap_ovld|                      acc_223_out|       pointer|
|acc_222_out_i         |   in|   32|     ap_ovld|                      acc_222_out|       pointer|
|acc_222_out_o         |  out|   32|     ap_ovld|                      acc_222_out|       pointer|
|acc_222_out_o_ap_vld  |  out|    1|     ap_ovld|                      acc_222_out|       pointer|
|acc_221_out_i         |   in|   32|     ap_ovld|                      acc_221_out|       pointer|
|acc_221_out_o         |  out|   32|     ap_ovld|                      acc_221_out|       pointer|
|acc_221_out_o_ap_vld  |  out|    1|     ap_ovld|                      acc_221_out|       pointer|
|acc_220_out_i         |   in|   32|     ap_ovld|                      acc_220_out|       pointer|
|acc_220_out_o         |  out|   32|     ap_ovld|                      acc_220_out|       pointer|
|acc_220_out_o_ap_vld  |  out|    1|     ap_ovld|                      acc_220_out|       pointer|
|acc_219_out_i         |   in|   32|     ap_ovld|                      acc_219_out|       pointer|
|acc_219_out_o         |  out|   32|     ap_ovld|                      acc_219_out|       pointer|
|acc_219_out_o_ap_vld  |  out|    1|     ap_ovld|                      acc_219_out|       pointer|
|acc_218_out_i         |   in|   32|     ap_ovld|                      acc_218_out|       pointer|
|acc_218_out_o         |  out|   32|     ap_ovld|                      acc_218_out|       pointer|
|acc_218_out_o_ap_vld  |  out|    1|     ap_ovld|                      acc_218_out|       pointer|
|acc_217_out_i         |   in|   32|     ap_ovld|                      acc_217_out|       pointer|
|acc_217_out_o         |  out|   32|     ap_ovld|                      acc_217_out|       pointer|
|acc_217_out_o_ap_vld  |  out|    1|     ap_ovld|                      acc_217_out|       pointer|
|acc_216_out_i         |   in|   32|     ap_ovld|                      acc_216_out|       pointer|
|acc_216_out_o         |  out|   32|     ap_ovld|                      acc_216_out|       pointer|
|acc_216_out_o_ap_vld  |  out|    1|     ap_ovld|                      acc_216_out|       pointer|
|acc_215_out_i         |   in|   32|     ap_ovld|                      acc_215_out|       pointer|
|acc_215_out_o         |  out|   32|     ap_ovld|                      acc_215_out|       pointer|
|acc_215_out_o_ap_vld  |  out|    1|     ap_ovld|                      acc_215_out|       pointer|
|acc_214_out_i         |   in|   32|     ap_ovld|                      acc_214_out|       pointer|
|acc_214_out_o         |  out|   32|     ap_ovld|                      acc_214_out|       pointer|
|acc_214_out_o_ap_vld  |  out|    1|     ap_ovld|                      acc_214_out|       pointer|
|acc_213_out_i         |   in|   32|     ap_ovld|                      acc_213_out|       pointer|
|acc_213_out_o         |  out|   32|     ap_ovld|                      acc_213_out|       pointer|
|acc_213_out_o_ap_vld  |  out|    1|     ap_ovld|                      acc_213_out|       pointer|
|acc_212_out_i         |   in|   32|     ap_ovld|                      acc_212_out|       pointer|
|acc_212_out_o         |  out|   32|     ap_ovld|                      acc_212_out|       pointer|
|acc_212_out_o_ap_vld  |  out|    1|     ap_ovld|                      acc_212_out|       pointer|
|acc_211_out_i         |   in|   32|     ap_ovld|                      acc_211_out|       pointer|
|acc_211_out_o         |  out|   32|     ap_ovld|                      acc_211_out|       pointer|
|acc_211_out_o_ap_vld  |  out|    1|     ap_ovld|                      acc_211_out|       pointer|
|acc_210_out_i         |   in|   32|     ap_ovld|                      acc_210_out|       pointer|
|acc_210_out_o         |  out|   32|     ap_ovld|                      acc_210_out|       pointer|
|acc_210_out_o_ap_vld  |  out|    1|     ap_ovld|                      acc_210_out|       pointer|
|acc_209_out_i         |   in|   32|     ap_ovld|                      acc_209_out|       pointer|
|acc_209_out_o         |  out|   32|     ap_ovld|                      acc_209_out|       pointer|
|acc_209_out_o_ap_vld  |  out|    1|     ap_ovld|                      acc_209_out|       pointer|
|acc_208_out_i         |   in|   32|     ap_ovld|                      acc_208_out|       pointer|
|acc_208_out_o         |  out|   32|     ap_ovld|                      acc_208_out|       pointer|
|acc_208_out_o_ap_vld  |  out|    1|     ap_ovld|                      acc_208_out|       pointer|
|acc_207_out_i         |   in|   32|     ap_ovld|                      acc_207_out|       pointer|
|acc_207_out_o         |  out|   32|     ap_ovld|                      acc_207_out|       pointer|
|acc_207_out_o_ap_vld  |  out|    1|     ap_ovld|                      acc_207_out|       pointer|
|acc_206_out_i         |   in|   32|     ap_ovld|                      acc_206_out|       pointer|
|acc_206_out_o         |  out|   32|     ap_ovld|                      acc_206_out|       pointer|
|acc_206_out_o_ap_vld  |  out|    1|     ap_ovld|                      acc_206_out|       pointer|
|acc_205_out_i         |   in|   32|     ap_ovld|                      acc_205_out|       pointer|
|acc_205_out_o         |  out|   32|     ap_ovld|                      acc_205_out|       pointer|
|acc_205_out_o_ap_vld  |  out|    1|     ap_ovld|                      acc_205_out|       pointer|
|acc_204_out_i         |   in|   32|     ap_ovld|                      acc_204_out|       pointer|
|acc_204_out_o         |  out|   32|     ap_ovld|                      acc_204_out|       pointer|
|acc_204_out_o_ap_vld  |  out|    1|     ap_ovld|                      acc_204_out|       pointer|
|acc_203_out_i         |   in|   32|     ap_ovld|                      acc_203_out|       pointer|
|acc_203_out_o         |  out|   32|     ap_ovld|                      acc_203_out|       pointer|
|acc_203_out_o_ap_vld  |  out|    1|     ap_ovld|                      acc_203_out|       pointer|
|acc_202_out_i         |   in|   32|     ap_ovld|                      acc_202_out|       pointer|
|acc_202_out_o         |  out|   32|     ap_ovld|                      acc_202_out|       pointer|
|acc_202_out_o_ap_vld  |  out|    1|     ap_ovld|                      acc_202_out|       pointer|
|acc_201_out_i         |   in|   32|     ap_ovld|                      acc_201_out|       pointer|
|acc_201_out_o         |  out|   32|     ap_ovld|                      acc_201_out|       pointer|
|acc_201_out_o_ap_vld  |  out|    1|     ap_ovld|                      acc_201_out|       pointer|
|acc_200_out_i         |   in|   32|     ap_ovld|                      acc_200_out|       pointer|
|acc_200_out_o         |  out|   32|     ap_ovld|                      acc_200_out|       pointer|
|acc_200_out_o_ap_vld  |  out|    1|     ap_ovld|                      acc_200_out|       pointer|
|acc_199_out_i         |   in|   32|     ap_ovld|                      acc_199_out|       pointer|
|acc_199_out_o         |  out|   32|     ap_ovld|                      acc_199_out|       pointer|
|acc_199_out_o_ap_vld  |  out|    1|     ap_ovld|                      acc_199_out|       pointer|
|acc_198_out_i         |   in|   32|     ap_ovld|                      acc_198_out|       pointer|
|acc_198_out_o         |  out|   32|     ap_ovld|                      acc_198_out|       pointer|
|acc_198_out_o_ap_vld  |  out|    1|     ap_ovld|                      acc_198_out|       pointer|
|acc_197_out_i         |   in|   32|     ap_ovld|                      acc_197_out|       pointer|
|acc_197_out_o         |  out|   32|     ap_ovld|                      acc_197_out|       pointer|
|acc_197_out_o_ap_vld  |  out|    1|     ap_ovld|                      acc_197_out|       pointer|
|acc_196_out_i         |   in|   32|     ap_ovld|                      acc_196_out|       pointer|
|acc_196_out_o         |  out|   32|     ap_ovld|                      acc_196_out|       pointer|
|acc_196_out_o_ap_vld  |  out|    1|     ap_ovld|                      acc_196_out|       pointer|
|acc_195_out_i         |   in|   32|     ap_ovld|                      acc_195_out|       pointer|
|acc_195_out_o         |  out|   32|     ap_ovld|                      acc_195_out|       pointer|
|acc_195_out_o_ap_vld  |  out|    1|     ap_ovld|                      acc_195_out|       pointer|
|acc_194_out_i         |   in|   32|     ap_ovld|                      acc_194_out|       pointer|
|acc_194_out_o         |  out|   32|     ap_ovld|                      acc_194_out|       pointer|
|acc_194_out_o_ap_vld  |  out|    1|     ap_ovld|                      acc_194_out|       pointer|
|acc_193_out_i         |   in|   32|     ap_ovld|                      acc_193_out|       pointer|
|acc_193_out_o         |  out|   32|     ap_ovld|                      acc_193_out|       pointer|
|acc_193_out_o_ap_vld  |  out|    1|     ap_ovld|                      acc_193_out|       pointer|
|acc_192_out_i         |   in|   32|     ap_ovld|                      acc_192_out|       pointer|
|acc_192_out_o         |  out|   32|     ap_ovld|                      acc_192_out|       pointer|
|acc_192_out_o_ap_vld  |  out|    1|     ap_ovld|                      acc_192_out|       pointer|
+----------------------+-----+-----+------------+---------------------------------+--------------+

